<?xml version="1.0" encoding="utf-8"?>
<?AutomationStudio Version="4.10.2.37"?>
<Objects>
  <Object
    Path="E:\Studing\BR\Lab1\Logical\Package.pkg"
    LogicalPath=""
    Type="Package.ParentUnknown"
    LastWriteTime="132785251095000000" />
  <Object
    Path="E:\Studing\BR\Lab1\Logical\Global.typ"
    LogicalPath="Global.typ"
    Type="File"
    LastWriteTime="132785244550410156"
    Private="false" />
  <Object
    Path="E:\Studing\BR\Lab1\Logical\Global.var"
    LogicalPath="Global.var"
    Type="File"
    LastWriteTime="132785244550410156"
    Private="false" />
  <Object
    Path="E:\Studing\BR\Lab1\Logical\Libraries\Package.pkg"
    LogicalPath="Libraries"
    Type="Package"
    LastWriteTime="132785244560322265" />
  <Object
    Path="E:\Studing\BR\Lab1\Logical\Libraries\operator\binary.lby"
    LogicalPath="Libraries.operator"
    Type="Library"
    LastWriteTime="132785244552880859" />
  <Object
    Path="E:\Studing\BR\Lab1\Logical\Libraries\operator\operator.fun"
    LogicalPath="Libraries.operator.operator.fun"
    Type="File"
    LastWriteTime="132785244552861328"
    Private="false" />
  <Object
    Path="E:\Studing\BR\Lab1\Logical\Libraries\operator\operator.typ"
    LogicalPath="Libraries.operator.operator.typ"
    Type="File"
    LastWriteTime="132785244552871093"
    Private="false" />
  <Object
    Path="E:\Studing\BR\Lab1\Logical\Libraries\operator\operator.var"
    LogicalPath="Libraries.operator.operator.var"
    Type="File"
    LastWriteTime="132785244552880859"
    Private="false" />
  <Object
    Path="E:\Studing\BR\Lab1\Logical\Libraries\runtime\binary.lby"
    LogicalPath="Libraries.runtime"
    Type="Library"
    LastWriteTime="132785244555371093" />
  <Object
    Path="E:\Studing\BR\Lab1\Logical\Libraries\runtime\runtime.fun"
    LogicalPath="Libraries.runtime.runtime.fun"
    Type="File"
    LastWriteTime="132785244555351562"
    Private="false" />
  <Object
    Path="E:\Studing\BR\Lab1\Logical\Libraries\runtime\runtime.typ"
    LogicalPath="Libraries.runtime.runtime.typ"
    Type="File"
    LastWriteTime="132785244555351562"
    Private="false" />
  <Object
    Path="E:\Studing\BR\Lab1\Logical\Libraries\runtime\runtime.var"
    LogicalPath="Libraries.runtime.runtime.var"
    Type="File"
    LastWriteTime="132785244555361328"
    Private="false" />
  <Object
    Path="E:\Studing\BR\Lab1\Logical\Libraries\astime\binary.lby"
    LogicalPath="Libraries.astime"
    Type="Library"
    LastWriteTime="132785244557841796" />
  <Object
    Path="E:\Studing\BR\Lab1\Logical\Libraries\astime\astime.fun"
    LogicalPath="Libraries.astime.astime.fun"
    Type="File"
    LastWriteTime="132785244557822265"
    Private="false" />
  <Object
    Path="E:\Studing\BR\Lab1\Logical\Libraries\astime\astime.typ"
    LogicalPath="Libraries.astime.astime.typ"
    Type="File"
    LastWriteTime="132785244557832031"
    Private="false" />
  <Object
    Path="E:\Studing\BR\Lab1\Logical\Libraries\astime\astime.var"
    LogicalPath="Libraries.astime.astime.var"
    Type="File"
    LastWriteTime="132785244557841796"
    Private="false" />
  <Object
    Path="E:\Studing\BR\Lab1\Logical\Libraries\AsIecCon\binary.lby"
    LogicalPath="Libraries.AsIecCon"
    Type="Library"
    LastWriteTime="132785244560273437" />
  <Object
    Path="E:\Studing\BR\Lab1\Logical\Libraries\AsIecCon\AsIecCon.fun"
    LogicalPath="Libraries.AsIecCon.AsIecCon.fun"
    Type="File"
    LastWriteTime="132785244560253906"
    Private="false" />
  <Object
    Path="E:\Studing\BR\Lab1\Logical\Libraries\AsIecCon\AsIecCon.typ"
    LogicalPath="Libraries.AsIecCon.AsIecCon.typ"
    Type="File"
    LastWriteTime="132785244560263671"
    Private="false" />
  <Object
    Path="E:\Studing\BR\Lab1\Logical\Libraries\AsIecCon\AsIecCon.var"
    LogicalPath="Libraries.AsIecCon.AsIecCon.var"
    Type="File"
    LastWriteTime="132785244560273437"
    Private="false" />
  <Object
    Path="E:\Studing\BR\Lab1\Logical\Program\ANSIC.prg"
    LogicalPath="Program"
    Type="Program"
    LastWriteTime="132785304430029296" />
  <Object
    Path="E:\Studing\BR\Lab1\Logical\Program\Cyclic.c"
    LogicalPath="Program.Cyclic.c"
    Type="File"
    LastWriteTime="132785431665458984"
    Private="false" />
  <Object
    Path="E:\Studing\BR\Lab1\Logical\Program\Init.c"
    LogicalPath="Program.Init.c"
    Type="File"
    LastWriteTime="132785432155468750"
    Private="false" />
  <Object
    Path="E:\Studing\BR\Lab1\Logical\Program\Exit.c"
    LogicalPath="Program.Exit.c"
    Type="File"
    LastWriteTime="132785250670849609"
    Private="false" />
  <Object
    Path="E:\Studing\BR\Lab1\Logical\Program\Types.typ"
    LogicalPath="Program.Types.typ"
    Type="File"
    LastWriteTime="132785250670859375"
    Private="true" />
  <Object
    Path="E:\Studing\BR\Lab1\Logical\Program\Variables.var"
    LogicalPath="Program.Variables.var"
    Type="File"
    LastWriteTime="132785432141884765"
    Private="true" />
  <Object
    Path="E:\Studing\BR\Lab1\Logical\MotorCntrl\ANSIC.lby"
    LogicalPath="MotorCntrl"
    Type="Library"
    LastWriteTime="132785313265937500" />
  <Object
    Path="E:\Studing\BR\Lab1\Logical\MotorCntrl\Types.typ"
    LogicalPath="MotorCntrl.Types.typ"
    Type="File"
    LastWriteTime="132785250958476562"
    Private="false" />
  <Object
    Path="E:\Studing\BR\Lab1\Logical\MotorCntrl\Constants.var"
    LogicalPath="MotorCntrl.Constants.var"
    Type="File"
    LastWriteTime="132785250958505859"
    Private="false" />
  <Object
    Path="E:\Studing\BR\Lab1\Logical\MotorCntrl\MotorCntrl.fun"
    LogicalPath="MotorCntrl.MotorCntrl.fun"
    Type="File"
    LastWriteTime="132785359924375000"
    Private="false" />
  <Object
    Path="E:\Studing\BR\Lab1\Logical\MotorCntrl\FB_Integrator.c"
    LogicalPath="MotorCntrl.FB_Integrator.c"
    Type="File"
    LastWriteTime="132785314515869140"
    Private="false" />
  <Object
    Path="E:\Studing\BR\Lab1\Logical\MotorCntrl\FB_Motor.c"
    LogicalPath="MotorCntrl.FB_Motor.c"
    Type="File"
    LastWriteTime="132785357151142578"
    Private="false" />
  <Object
    Path="E:\Studing\BR\Lab1\Logical\MotorCntrl\FB_Regulator.c"
    LogicalPath="MotorCntrl.FB_Regulator.c"
    Type="File"
    LastWriteTime="132785356697255859"
    Private="false" />
  <Object
    Path="E:\Studing\BR\Lab1\Logical\MotorCntrl\FB_Motor1.c"
    LogicalPath="MotorCntrl.FB_Motor1.c"
    Type="File"
    LastWriteTime="132785357150878906"
    Private="false" />
  <Object
    Path="E:\Studing\BR\Lab1\Physical\Config1\Config.pkg"
    LogicalPath="Config1"
    Type="Configuration.ParentUnknown"
    LastWriteTime="132785244580341796" />
  <Object
    Path="E:\Studing\BR\Lab1\Physical\Config1\Hardware.hw"
    LogicalPath="Config1.Hardware.hw"
    Type="File"
    LastWriteTime="132785434504824218"
    Private="false" />
  <Object
    Path="E:\Studing\BR\Lab1\Physical\Config1\Hardware.hwl"
    LogicalPath="Config1.Hardware.hwl"
    Type="File"
    LastWriteTime="132785273592451171"
    Private="false" />
  <Object
    Path="E:\Studing\BR\Lab1\Physical\Config1\4PP065_0351_P74\Cpu.pkg"
    LogicalPath="Config1.4PP065_0351_P74"
    Type="Cpu"
    LastWriteTime="132785431378037109" />
  <Object
    Path="E:\Studing\BR\Lab1\Physical\Config1\4PP065_0351_P74\Cpu.sw"
    LogicalPath="Config1.4PP065_0351_P74.Cpu.sw"
    Type="File"
    LastWriteTime="132785365291699218"
    Private="false" />
  <Object
    Path="E:\Studing\BR\Lab1\Physical\Config1\4PP065_0351_P74\Cpu.per"
    LogicalPath="Config1.4PP065_0351_P74.Cpu.per"
    Type="File"
    LastWriteTime="132785244560576171"
    Private="false" />
  <Object
    Path="E:\Studing\BR\Lab1\Physical\Config1\4PP065_0351_P74\IoMap.iom"
    LogicalPath="Config1.4PP065_0351_P74.IoMap.iom"
    Type="File"
    LastWriteTime="132785244560576171"
    Private="false" />
  <Object
    Path="E:\Studing\BR\Lab1\Physical\Config1\4PP065_0351_P74\PvMap.vvm"
    LogicalPath="Config1.4PP065_0351_P74.PvMap.vvm"
    Type="File"
    LastWriteTime="132785244560585937"
    Private="false" />
  <Object
    Path="E:\Studing\BR\Lab1\Physical\Config1\4PP065_0351_P74\Connectivity\Package.pkg"
    LogicalPath="Config1.4PP065_0351_P74.Connectivity"
    Type="Package"
    LastWriteTime="132785244560712890" />
  <Object
    Path="E:\Studing\BR\Lab1\Physical\Config1\4PP065_0351_P74\Connectivity\OpcUA\Package.pkg"
    LogicalPath="Config1.4PP065_0351_P74.Connectivity.OpcUA"
    Type="Package"
    LastWriteTime="132785244560712890" />
  <Object
    Path="E:\Studing\BR\Lab1\Physical\Config1\4PP065_0351_P74\TextSystem\Package.pkg"
    LogicalPath="Config1.4PP065_0351_P74.TextSystem"
    Type="Package"
    LastWriteTime="132785244560751953" />
  <Object
    Path="E:\Studing\BR\Lab1\Physical\Config1\4PP065_0351_P74\UnitSystem\Package.pkg"
    LogicalPath="Config1.4PP065_0351_P74.UnitSystem"
    Type="Package"
    LastWriteTime="132785244560761718" />
  <Object
    Path="E:\Studing\BR\Lab1\Physical\Config1\4PP065_0351_P74\AccessAndSecurity\Package.pkg"
    LogicalPath="Config1.4PP065_0351_P74.AccessAndSecurity"
    Type="Package"
    LastWriteTime="132785244560947265" />
  <Object
    Path="E:\Studing\BR\Lab1\Physical\Config1\4PP065_0351_P74\AccessAndSecurity\UserRoleSystem\Package.pkg"
    LogicalPath="Config1.4PP065_0351_P74.AccessAndSecurity.UserRoleSystem"
    Type="Package"
    LastWriteTime="132785244560810546" />
  <Object
    Path="E:\Studing\BR\Lab1\Physical\Config1\4PP065_0351_P74\AccessAndSecurity\UserRoleSystem\Role.role"
    LogicalPath="Config1.4PP065_0351_P74.AccessAndSecurity.UserRoleSystem.Role.role"
    Type="File"
    LastWriteTime="132785244560800781"
    Private="false" />
  <Object
    Path="E:\Studing\BR\Lab1\Physical\Config1\4PP065_0351_P74\AccessAndSecurity\UserRoleSystem\User.user"
    LogicalPath="Config1.4PP065_0351_P74.AccessAndSecurity.UserRoleSystem.User.user"
    Type="File"
    LastWriteTime="132785244560810546"
    Private="false" />
  <Object
    Path="E:\Studing\BR\Lab1\Physical\Config1\4PP065_0351_P74\AccessAndSecurity\CertificateStore\Package.pkg"
    LogicalPath="Config1.4PP065_0351_P74.AccessAndSecurity.CertificateStore"
    Type="Package"
    LastWriteTime="132785244560908203" />
  <Object
    Path="E:\Studing\BR\Lab1\Physical\Config1\4PP065_0351_P74\AccessAndSecurity\CertificateStore\OwnCertificates\Package.pkg"
    LogicalPath="Config1.4PP065_0351_P74.AccessAndSecurity.CertificateStore.OwnCertificates"
    Type="Package"
    LastWriteTime="132785244560859375" />
  <Object
    Path="E:\Studing\BR\Lab1\Physical\Config1\4PP065_0351_P74\AccessAndSecurity\CertificateStore\OwnCertificates\Certificates\Package.pkg"
    LogicalPath="Config1.4PP065_0351_P74.AccessAndSecurity.CertificateStore.OwnCertificates.Certificates"
    Type="Package"
    LastWriteTime="132785244560839843" />
  <Object
    Path="E:\Studing\BR\Lab1\Physical\Config1\4PP065_0351_P74\AccessAndSecurity\CertificateStore\OwnCertificates\PrivateKeys\Package.pkg"
    LogicalPath="Config1.4PP065_0351_P74.AccessAndSecurity.CertificateStore.OwnCertificates.PrivateKeys"
    Type="Package"
    LastWriteTime="132785244560849609" />
  <Object
    Path="E:\Studing\BR\Lab1\Physical\Config1\4PP065_0351_P74\AccessAndSecurity\CertificateStore\ThirdPartyCertificates\Package.pkg"
    LogicalPath="Config1.4PP065_0351_P74.AccessAndSecurity.CertificateStore.ThirdPartyCertificates"
    Type="Package"
    LastWriteTime="132785244560878906" />
  <Object
    Path="E:\Studing\BR\Lab1\Physical\Config1\4PP065_0351_P74\AccessAndSecurity\CertificateStore\ThirdPartyCertificates\SoftwareCertificates\Package.pkg"
    LogicalPath="Config1.4PP065_0351_P74.AccessAndSecurity.CertificateStore.ThirdPartyCertificates.SoftwareCertificates"
    Type="Package"
    LastWriteTime="132785244560878906" />
  <Object
    Path="E:\Studing\BR\Lab1\Physical\Config1\4PP065_0351_P74\AccessAndSecurity\CertificateStore\CertificateRevocationLists\Package.pkg"
    LogicalPath="Config1.4PP065_0351_P74.AccessAndSecurity.CertificateStore.CertificateRevocationLists"
    Type="Package"
    LastWriteTime="132785244560888671" />
  <Object
    Path="E:\Studing\BR\Lab1\Physical\Config1\4PP065_0351_P74\AccessAndSecurity\CertificateStore\CertificateSigningRequests\Package.pkg"
    LogicalPath="Config1.4PP065_0351_P74.AccessAndSecurity.CertificateStore.CertificateSigningRequests"
    Type="Package"
    LastWriteTime="132785244560898437" />
  <Object
    Path="E:\Studing\BR\Lab1\Physical\Config1\4PP065_0351_P74\AccessAndSecurity\TransportLayerSecurity\Package.pkg"
    LogicalPath="Config1.4PP065_0351_P74.AccessAndSecurity.TransportLayerSecurity"
    Type="Package"
    LastWriteTime="132785244560927734" />
  <Object
    Path="E:\Studing\BR\Lab1\Physical\Config1\4PP065_0351_P74\AccessAndSecurity\Firewall\Package.pkg"
    LogicalPath="Config1.4PP065_0351_P74.AccessAndSecurity.Firewall"
    Type="Package"
    LastWriteTime="132785244560947265" />
  <Object
    Path="E:\Studing\BR\Lab1\Physical\Config1\4PP065_0351_P74\AccessAndSecurity\Firewall\Rules.firewallRules"
    LogicalPath="Config1.4PP065_0351_P74.AccessAndSecurity.Firewall.Rules.firewallRules"
    Type="File"
    LastWriteTime="132785244560937500"
    Private="false" />
  <Object
    Path="E:\Studing\BR\Lab1\Physical\Config1\4PP065_0351_P74\mappControl\Package.pkg"
    LogicalPath="Config1.4PP065_0351_P74.mappControl"
    Type="Package"
    LastWriteTime="132785244560966796" />
  <Object
    Path="E:\Studing\BR\Lab1\Physical\Config1\4PP065_0351_P74\mappMotion\Package.pkg"
    LogicalPath="Config1.4PP065_0351_P74.mappMotion"
    Type="Package"
    LastWriteTime="132785244560986328" />
  <Object
    Path="E:\Studing\BR\Lab1\Physical\Config1\4PP065_0351_P74\mappServices\Package.pkg"
    LogicalPath="Config1.4PP065_0351_P74.mappServices"
    Type="Package"
    LastWriteTime="132785244561005859" />
  <Object
    Path="E:\Studing\BR\Lab1\Physical\Config1\4PP065_0351_P74\mappSafety\Package.pkg"
    LogicalPath="Config1.4PP065_0351_P74.mappSafety"
    Type="Package"
    LastWriteTime="132785244561044921" />
  <Object
    Path="E:\Studing\BR\Lab1\Physical\Config1\4PP065_0351_P74\mappSafety\SafeApplication\Package.pkg"
    LogicalPath="Config1.4PP065_0351_P74.mappSafety.SafeApplication"
    Type="Package"
    LastWriteTime="132785244561025390" />
  <Object
    Path="E:\Studing\BR\Lab1\Physical\Config1\4PP065_0351_P74\mappSafety\SafeCommissioning\Package.pkg"
    LogicalPath="Config1.4PP065_0351_P74.mappSafety.SafeCommissioning"
    Type="Package"
    LastWriteTime="132785244561044921" />
  <Object
    Path="E:\Studing\BR\Lab1\Physical\Config1\4PP065_0351_P74\mappView\Package.pkg"
    LogicalPath="Config1.4PP065_0351_P74.mappView"
    Type="Package"
    LastWriteTime="132785244561054687" />
  <Object
    Path="E:\Studing\BR\Lab1\Physical\Config1\4PP065_0351_P74\mappVision\Package.pkg"
    LogicalPath="Config1.4PP065_0351_P74.mappVision"
    Type="Package"
    LastWriteTime="132785244561074218" />
  <Object
    Path="E:\Studing\BR\Lab1\Physical\Config1\4PP065_0351_P74\mappCockpit\Package.pkg"
    LogicalPath="Config1.4PP065_0351_P74.mappCockpit"
    Type="Package"
    LastWriteTime="132785244561093750" />
  <Object
    Path="E:\Studing\BR\Lab1\Physical\Config1\4PP065_0351_P74\VC\Package.pkg"
    LogicalPath="Config1.4PP065_0351_P74.VC"
    Type="Package"
    LastWriteTime="132785244578574218" />
  <Object
    Path="E:\Studing\BR\Lab1\Physical\Config1\4PP065_0351_P74\VC\4PP065_0351_P74.dis"
    LogicalPath="Config1.4PP065_0351_P74.VC.4PP065_0351_P74.dis"
    Type="File"
    LastWriteTime="132785244578603515"
    Private="false" />
  <Object
    Path="E:\Studing\BR\Lab1\Physical\Config1\Hardware.jpg"
    LogicalPath="Config1.Hardware.jpg"
    Type="File"
    LastWriteTime="132785273593232421"
    Private="false" />
</Objects>